cargo :    Compiling aether-network v0.2.0 (C:\Users\karti\Desktop\New folder 
(12)\aether-network)
At line:1 char:1
+ cargo build --release --bin verified_10_layer --no-default-features - ...
+ ~~~~~~~~~~~~~~~~~~~~~~~~~~~~~~~~~~~~~~~~~~~~~~~~~~~~~~~~~~~~~~~~~~~~~
    + CategoryInfo          : NotSpecified: (   Compiling ae...aether-network 
   ):String) [], RemoteException
    + FullyQualifiedErrorId : NativeCommandError
 
warning: unused import: `std::sync::Arc`
 --> src\privacy\sharder.rs:1:5
  |
1 | use std::sync::Arc;
  |     ^^^^^^^^^^^^^^
  |
  = note: `#[warn(unused_imports)]` (part of `#[warn(unused)]`) on by default

warning: unused import: `rand::seq::SliceRandom`
 --> src\integration\active_rotation.rs:9:5
  |
9 | use rand::seq::SliceRandom;
  |     ^^^^^^^^^^^^^^^^^^^^^^

warning: unused variable: `addr`
  --> src\proxy\http_proxy.rs:20:26
   |
20 |             let (socket, addr) = listener.accept().await?;
   |                          ^^^^ help: if this is intentional, prefix it 
with an underscore: `_addr`
   |
   = note: `#[warn(unused_variables)]` (part of `#[warn(unused)]`) on by 
default

error: future cannot be sent between threads safely
   --> src\privacy\temporal.rs:12:9
    |
 12 | /         tokio::spawn(async move {
 13 | |             let mut rng = rand::thread_rng();
 14 | |             loop {
...   |
 23 | |         });
    | |__________^ future created by async block is not `Send`
    |
    = help: within `{async block@src\privacy\temporal.rs:12:22: 12:32}`, the 
trait `Send` is not implemented for 
`Rc<UnsafeCell<ReseedingRng<rand_chacha::chacha::ChaCha12Core, OsRng>>>`
note: future is not `Send` as this value is used across an await
   --> src\privacy\temporal.rs:17:53
    |
 13 |             let mut rng = rand::thread_rng();
    |                 ------- has type `ThreadRng` which is not `Send`
...
 17 |                 sleep(Duration::from_millis(delay)).await;
    |                                                     ^^^^^ await occurs 
here, with `mut rng` maybe used later
note: required by a bound in `tokio::spawn`
   --> C:\Users\karti\.cargo\registry\src\index.crates.io-1949cf8c6b5b557f\tok
io-1.48.0\src\task\spawn.rs:171:21
    |
169 |     pub fn spawn<F>(future: F) -> JoinHandle<F::Output>
    |            ----- required by a bound in this function
170 |     where
171 |         F: Future + Send + 'static,
    |                     ^^^^ required by this bound in `spawn`

warning: `aether-network` (lib) generated 3 warnings
error: could not compile `aether-network` (lib) due to 1 previous error; 3 
warnings emitted
